   Compiling proc-macro2 v1.0.107
   Compiling quote v1.0.47
   Compiling unicode-ident v1.0.26
   Compiling glob v0.3.4
   Compiling clang-sys v1.9.1
   Compiling prettyplease v0.2.37
   Compiling libc v0.2.189
   Compiling minimal-lexical v0.2.1
   Compiling cfg-if v1.0.5
   Compiling memchr v2.8.3
   Compiling regex-syntax v0.8.11
   Compiling nom v7.1.3
   Compiling regex-automata v0.4.18
   Compiling libloading v0.8.9
   Compiling syn v2.0.119
   Compiling bindgen v0.71.1
   Compiling either v1.18.0
   Compiling itertools v0.13.0
   Compiling regex v1.13.1
   Compiling cexpr v0.6.0
   Compiling syn v3.0.6
   Compiling rustc-hash v2.1.3
   Compiling shlex v1.3.0
   Compiling bitflags v2.13.2
   Compiling autocfg v1.5.1
   Compiling log v0.4.34
   Compiling serde_core v1.0.229
   Compiling find-msvc-tools v0.1.14
   Compiling shlex v2.0.1
   Compiling cc v1.5.1
   Compiling num-traits v0.2.19
   Compiling zmij v1.0.23
   Compiling utf8parse v0.2.2
   Compiling anstyle-parse v1.0.0
   Compiling serde v1.0.229
   Compiling is_terminal_polyfill v1.70.2
   Compiling colorchoice v1.0.5
   Compiling anstyle-query v1.1.5
   Compiling serde_json v1.0.151
   Compiling anstyle v1.0.14
   Compiling anstream v1.0.0
   Compiling serde_derive v1.0.229
   Compiling dpdk-sys v0.1.0 (/home/ec2-user/Rust-DPDK-Async-Runtime-metrics-offload/crates/dpdk-sys)
   Compiling byteorder v1.5.0
   Compiling heck v0.5.0
   Compiling clap_lex v1.1.1
   Compiling strsim v0.11.1
   Compiling itoa v1.0.18
   Compiling clap_builder v4.6.7
   Compiling clap_derive v4.6.7
   Compiling hdrhistogram v7.6.0
   Compiling arrayvec v0.7.8
   Compiling dpdk v0.1.0 (/home/ec2-user/Rust-DPDK-Async-Runtime-metrics-offload/crates/dpdk)
   Compiling metrics v0.1.0 (/home/ec2-user/Rust-DPDK-Async-Runtime-metrics-offload/crates/metrics)
   Compiling clap v4.6.7
   Compiling wire v0.1.0 (/home/ec2-user/Rust-DPDK-Async-Runtime-metrics-offload/crates/wire)
   Compiling ping-common v0.1.0 (/home/ec2-user/Rust-DPDK-Async-Runtime-metrics-offload/crates/ping-common)
   Compiling rt v0.1.0 (/home/ec2-user/Rust-DPDK-Async-Runtime-metrics-offload/crates/rt)
   Compiling raw-ping v0.1.0 (/home/ec2-user/Rust-DPDK-Async-Runtime-metrics-offload/bins/raw-ping)
   Compiling async-ping v0.1.0 (/home/ec2-user/Rust-DPDK-Async-Runtime-metrics-offload/bins/async-ping)
    Finished `release` profile [optimized] target(s) in 16.51s
