EAL: Detected CPU lcores: 4
EAL: Detected NUMA nodes: 1
EAL: Detected static linkage of DPDK
EAL: Selected IOVA mode 'PA'
EAL: No free 1048576 kB hugepages reported on node 0
EAL: VFIO support initialized
EAL: Using IOMMU type 8 (No-IOMMU)
EAL: Probe PCI driver: net_ena (1d0f:ec20) device: 0000:28:00.0 (socket 0)
eth_ena_dev_init(): Initializing 0000:28:00.0
[ENA_COM: ena_com_validate_version]ENA device version: 0.10
[ENA_COM: ena_com_validate_version]ENA controller version: 0.0.1 implementation version 1
ena_get_metrics_entries(): 0x6 customer metrics are supported
eth_ena_dev_init(): Placement policy: Low latency
TELEMETRY: No legacy callbacks, legacy socket not created
testpmd: create a new mbuf pool <mb_pool_0>: n=155456, size=2176, socket=0
testpmd: preferred mempool ops selected: ring_mp_mc

Warning! port-topology=paired and odd forward ports number, the last port will pair with itself.

Interactive-mode selected
Configuring Port 0 (socket 0)
Port 0: 06:FF:D4:61:AF:A1
Checking link statuses...
Error during enabling promiscuous mode for port 0: Operation not supported - ignore
testpmd> show port info all
testpmd> quit
Done

********************* Infos for port 0  *********************
MAC address: 06:FF:D4:61:AF:A1
Device name: 0000:28:00.0
Driver name: net_ena
Firmware-version: not available
Devargs: 
Connect to socket: 0
memory allocation on the socket: 0
Link status: up
Link speed: None
Link duplex: full-duplex
Autoneg status: Off
MTU: 1500
Promiscuous mode: disabled
Allmulticast mode: disabled
Maximum number of MAC addresses: 1
Maximum number of MAC addresses of hash filtering: 0
VLAN offload: 
  strip off, filter off, extend off, qinq strip off
Hash key size in bytes: 40
Redirection table size: 128
Supported RSS offload flow types:
  ipv4-tcp  ipv4-udp  ipv6-tcp  ipv6-udp
Minimum size of RX buffer: 64
Maximum configurable length of RX packet: 9234
Maximum configurable size of LRO aggregated packet: 0
Current number of RX queues: 1
Max possible RX queues: 4
Max possible number of RXDs per queue: 8192
Min possible number of RXDs per queue: 128
RXDs number alignment: 1
Current number of TX queues: 1
Max possible TX queues: 4
Max possible number of TXDs per queue: 1024
Min possible number of TXDs per queue: 128
TXDs number alignment: 1
Max segment number per packet: 17
Max segment number per MTU/TSO: 17
Device capabilities: 0x0( )
Device error handling mode: passive
Device private info:
  none

Stopping port 0...
Stopping ports...
Done

Shutting down port 0...
ena_rx_queue_release(): Rx queue 0:0 released
ena_tx_queue_release(): Tx queue 0:0 released
Closing ports...
Port 0 is closed
Done

Bye...
