   Compiling memchr v2.8.3
    Checking serde_core v1.0.229
   Compiling nom v7.1.3
    Checking utf8parse v0.2.2
    Checking anstyle-parse v1.0.0
    Checking num-traits v0.2.19
   Compiling cexpr v0.6.0
    Checking zmij v1.0.23
   Compiling bindgen v0.71.1
    Checking byteorder v1.5.0
    Checking colorchoice v1.0.5
    Checking anstyle-query v1.1.5
    Checking is_terminal_polyfill v1.70.2
    Checking itoa v1.0.18
    Checking anstyle v1.0.14
    Checking anstream v1.0.0
    Checking serde_json v1.0.151
    Checking hdrhistogram v7.6.0
    Checking serde v1.0.229
    Checking clap_lex v1.1.1
    Checking arrayvec v0.7.8
    Checking strsim v0.11.1
    Checking clap_builder v4.6.7
    Checking clap v4.6.7
    Checking metrics v0.1.0 (/home/ec2-user/Rust-DPDK-Async-Runtime-metrics-offload/crates/metrics)
    Checking wire v0.1.0 (/home/ec2-user/Rust-DPDK-Async-Runtime-metrics-offload/crates/wire)
    Checking rt v0.1.0 (/home/ec2-user/Rust-DPDK-Async-Runtime-metrics-offload/crates/rt)
   Compiling dpdk-sys v0.1.0 (/home/ec2-user/Rust-DPDK-Async-Runtime-metrics-offload/crates/dpdk-sys)
    Checking dpdk v0.1.0 (/home/ec2-user/Rust-DPDK-Async-Runtime-metrics-offload/crates/dpdk)
    Checking ping-common v0.1.0 (/home/ec2-user/Rust-DPDK-Async-Runtime-metrics-offload/crates/ping-common)
    Checking raw-ping v0.1.0 (/home/ec2-user/Rust-DPDK-Async-Runtime-metrics-offload/bins/raw-ping)
    Checking async-ping v0.1.0 (/home/ec2-user/Rust-DPDK-Async-Runtime-metrics-offload/bins/async-ping)
    Finished `dev` profile [unoptimized + debuginfo] target(s) in 4.15s
