   Compiling rt v0.1.0 (/home/ec2-user/Rust-DPDK-Async-Runtime/crates/rt)
    Finished `test` profile [unoptimized + debuginfo] target(s) in 0.06s
     Running unittests src/lib.rs (target/miri/x86_64-unknown-linux-gnu/debug/deps/rt-88252f2959482cda)

running 4 tests
test tests::dedup_self_wake_and_stale_identity ... ok
test tests::foreign_wake_reaches_home_thread ... ok
test tests::full_slot_preserves_first_value_and_same_turn_delivery ... ok
test tests::timers_reply_timeout_and_cancel ... ok

test result: ok. 4 passed; 0 failed; 0 ignored; 0 measured; 0 filtered out; finished in 2.11s

     Running unittests src/lib.rs (target/miri/x86_64-unknown-linux-gnu/debug/deps/wire-52196428abc88ab0)

running 2 tests
test tests::incremental_matches_full_checksum ... ok
test tests::parse_truncation_fragments_and_arp ... ok

test result: ok. 2 passed; 0 failed; 0 ignored; 0 measured; 0 filtered out; finished in 9.01s

   Doc-tests rt

running 0 tests

test result: ok. 0 passed; 0 failed; 0 ignored; 0 measured; 0 filtered out; finished in 0.00s

   Doc-tests wire

running 0 tests

test result: ok. 0 passed; 0 failed; 0 ignored; 0 measured; 0 filtered out; finished in 0.00s

